MPASM  5.20                          PROG.ASM   5-9-2017  13:49:49         PAGE  1


LOC  OBJECT CODE     LINE SOURCE TEXT
  VALUE

Warning[205]: Found directive in column 1. (list)
                      00001 list p=16f877a
                      00002 
Warning[205]: Found directive in column 1. (INCLUDE)
                      00003 INCLUDE <P16F877A.INC>
                      00001         LIST
                      00002 ; P16F877A.INC  Standard Header File, Version 1.00    Microchip Technology, Inc.
                      00400         LIST
                      00004 
  00000021            00005 Time0 EQU 0X21 ;valores de tiempo 0-9/centesimas de segundo
  00000022            00006 Time1 EQU 0X22 ;decimas de segundos
  00000023            00007 Time2 EQU 0X23 ;segundos
  00000024            00008 Time3 EQU 0X24 ;decenas de segundo
  00000025            00009 Time4 EQU 0x25 ;centenas de segundo 
  00000026            00010 TimeAux EQU 0x26
                      00011 
  00000027            00012 Disp0 EQU 0X27 ; valores de los displays
  00000028            00013 Disp1 EQU 0x28
  00000029            00014 Disp2 EQU 0x29
  0000002A            00015 Disp3 EQU 0x2A
  00000005            00016 MULT_PORT equ PORTA ;puerto de multiplexado
  00000000            00017 D0 equ 0x00
  00000001            00018 D1 equ 0x01
  00000002            00019 D2 equ 0x02
  00000003            00020 D3 equ 0x03
                      00021 
                      00022 ;;; Constantes de transmicion
  00000007            00023 tx_port equ     PORTC   ; Puerto de tranmisión
  00000006            00024 tx_pin  equ     0x6             ; Pin de transmisión
  00000007            00025 rx_port equ     PORTC           ; Puerto de recepción
  00000007            00026 rx_pin  equ     0x7             ; Pin de recepción
                      00027 
  00000030            00028 data_tx equ     0x30            ; Datos a enviar
  00000031            00029 data_rx equ     0x31    ; Datos recibidos
                      00030 
  00000032            00031 count_d equ     0x32    ; Contador para el retardo
  00000033            00032 count_p equ     0x33    ; Contador para el número de bits
                      00033 
                      00034 
  00000040            00035 W_TMP EQU 0X40
  00000041            00036 S_TMP EQU 0X41
                      00037 
                      00038 
Warning[205]: Found directive in column 1. (ORG)
0000                  00039 ORG 00
0000   2806           00040         GOTO INICIO
Warning[205]: Found directive in column 1. (ORG)
0004                  00041 ORG 04
0004   282C           00042         GOTO INTERRUPT
                      00043         
Warning[205]: Found directive in column 1. (ORG)
0006                  00044 ORG 06
Warning[207]: Found label after column 1. (INICIO)
MPASM  5.20                          PROG.ASM   5-9-2017  13:49:49         PAGE  2


LOC  OBJECT CODE     LINE SOURCE TEXT
  VALUE

0006                  00045         INICIO: ; CONFIGURACOINES
0006   1683           00046                 BSF STATUS,RP0;BANCO1
0007   1303           00047                 BCF STATUS,RP1
0008   3006           00048                 MOVLW 0x06 ; Configure all pins
Message[302]: Register in operand not in bank 0.  Ensure that bank bits are correct.
0009   009F           00049                 MOVWF ADCON1
                      00050                 
Message[302]: Register in operand not in bank 0.  Ensure that bank bits are correct.
000A   0185           00051                 CLRF TRISA ; CONFIGURACION DE PUERTOS
Message[302]: Register in operand not in bank 0.  Ensure that bank bits are correct.
000B   0188           00052                 CLRF TRISD
000C   3001           00053                 MOVLW 0X01
Message[302]: Register in operand not in bank 0.  Ensure that bank bits are correct.
000D   0086           00054                 MOVWF TRISB
                      00055                 
Message[302]: Register in operand not in bank 0.  Ensure that bank bits are correct.
000E   140C           00056                 BSF PIE1,TMR1IE; HABILITO INTERRUPCION POR TIMER1
                      00057                 
000F   1283           00058                 BCF STATUS,RP0; BANCO 0
                      00059                 
0010   170B           00060                 BSF INTCON,PEIE ; HABILITO LAS INTERRUPCIONES POR PERIFERICOS
                      00061                 
0011   160B           00062                 BSF INTCON,INTE
0012   3000           00063                 MOVLW 0x00; PRESCALER 1:1 , CON SYNC , CLOCK INTERNO, TMR1ON = 0
0013   0090           00064                 MOVWF T1CON;
                      00065                 
Warning[207]: Found label after column 1. (MAIN)
0014                  00066         MAIN:;;INICIALIZO LAS VARIABLES
0014   01A1           00067                 CLRF Time0
0015   01A2           00068                 CLRF Time1
0016   01A3           00069                 CLRF Time2
0017   01A4           00070                 CLRF Time3
0018   01A5           00071                 CLRF Time4
0019   01A6           00072                 CLRF TimeAux
                      00073                 
001A   3001           00074                 MOVLW 0X01
001B   0085           00075                 MOVWF MULT_PORT
001C   0188           00076                 CLRF PORTD
                      00077                 
001D   0103           00078                 CLRW
001E   209E           00079                 CALL TABLA
001F   00A7           00080                 MOVWF Disp0
0020   00A8           00081                 MOVWF Disp1
0021   00A9           00082                 MOVWF Disp2
0022   00AA           00083                 MOVWF Disp3
                      00084                                                 ;El timer 1 debe interrumpir cada 5ms, PRECARGA= EC77
0023   1010           00085                 BCF T1CON,TMR1ON                                
0024   30EC           00086                 MOVLW 0XEC
0025   008F           00087                 MOVWF TMR1H
0026   3077           00088                 MOVLW 0X77
0027   008E           00089                 MOVWF TMR1L
0028   1410           00090                 BSF T1CON,TMR1ON
                      00091                 
MPASM  5.20                          PROG.ASM   5-9-2017  13:49:49         PAGE  3


LOC  OBJECT CODE     LINE SOURCE TEXT
  VALUE

0029   178B           00092                 BSF INTCON,GIE
Warning[207]: Found label after column 1. (A)
002A   0000           00093         A:      NOP
002B   282A           00094                 GOTO A
                      00095                 
                      00096                         
                      00097                         
002C                  00098 INTERRUPT ;SALVO LOS REGISTROS
002C   00C0           00099                 MOVWF W_TMP
002D   0E03           00100                 SWAPF STATUS,W
002E   1283           00101                 BCF STATUS,RP0
002F   1303           00102                 BCF STATUS,RP1
0030   00C1           00103                 MOVWF S_TMP
                      00104                 
                      00105                 ;VERIFICO LOS FLAGS
0031   188B           00106                 BTFSC INTCON,INTF
0032   283A           00107                 GOTO INT_EXT
0033   180C           00108                 BTFSC PIR1,TMR1IF
0034   2840           00109                 GOTO INT_TMR
                      00110                 ;SI FUE UN FALSO DISPARO RECUPERO LOS REG Y RETORNO 
0035   0841           00111                 MOVF S_TMP,W
0036   0083           00112                 MOVWF STATUS
0037   0EC0           00113                 SWAPF W_TMP,F
0038   0E40           00114                 SWAPF W_TMP,W
0039   0009           00115                 RETFIE
                      00116                 
                      00117                 
                      00118                 
003A                  00119 INT_EXT:
                      00120 
003A   108B           00121                 BCF INTCON,INTF;BAJO LA BANDERA Y RECUPERACOIN DE REGISTROS
003B   0E41           00122                 SWAPF S_TMP,W
003C   0083           00123                 MOVWF STATUS
003D   0EC0           00124                 SWAPF W_TMP,F
003E   0E40           00125                 SWAPF W_TMP,W
003F   0009           00126                 RETFIE
                      00127 
0040                  00128 INT_TMR: 
0040   100C           00129                 BCF PIR1,TMR1IF;BAJO LA BANDERA  
                      00130                 
0041   1010           00131                 BCF T1CON,TMR1ON        ; precarga de timer                     
0042   30EC           00132                 MOVLW 0XEC
Message[305]: Using default destination of 1 (file).
0043   078F           00133                 ADDWF TMR1H ; uso add para mas precicion
0044   3077           00134                 MOVLW 0X77
Message[305]: Using default destination of 1 (file).
0045   078E           00135                 ADDWF TMR1L
0046   1410           00136                 BSF T1CON,TMR1ON
                      00137                 
0047   0AA6           00138                 INCF  TimeAux,F ;incremento la cuenta de tiempo
0048   0826           00139                 MOVF  TimeAux,W
0049   3A02           00140                 XORLW 0x02
004A   1D03           00141                 BTFSS STATUS,Z
MPASM  5.20                          PROG.ASM   5-9-2017  13:49:49         PAGE  4


LOC  OBJECT CODE     LINE SOURCE TEXT
  VALUE

004B   2865           00142                 GOTO SIG                ; SI NO ES NECESARIO ACTUALIZAR LOS OTROS CONTADORES PASA DIRECG
                            TO AL SIGUIENTE PASO
004C   01A6           00143                 CLRF TimeAux            
                      00144                 
004D   0AA1           00145                 INCF  Time0,F ; si el aux es 2 incremento las centesimas de segundo
004E   0821           00146                 MOVF  Time0,W
004F   3A0A           00147                 XORLW 0x0A
0050   1D03           00148                 BTFSS STATUS,Z
0051   2865           00149                 GOTO SIG
0052   01A1           00150                 CLRF Time0
                      00151                 
0053   0AA2           00152                 INCF  Time1,F ; si es necesario incremento las decimas de segundo
0054   0822           00153                 MOVF  Time1,W
0055   3A0A           00154                 XORLW 0x0A
0056   1D03           00155                 BTFSS STATUS,Z
0057   2865           00156                 GOTO SIG
0058   01A2           00157                 CLRF Time1
                      00158                 
0059   0AA3           00159                 INCF  Time2,F; si es necesario incremento los segundos
005A   0823           00160                 MOVF  Time2,W
005B   3A0A           00161                 XORLW 0x0A
005C   1D03           00162                 BTFSS STATUS,Z
005D   2865           00163                 GOTO SIG
005E   01A3           00164                 CLRF Time2
                      00165                 
005F   0AA4           00166                 INCF  Time3,F; si es necesario incremento las decenas de segundo
0060   0824           00167                 MOVF  Time3,W
0061   3A0A           00168                 XORLW 0x0A
0062   1D03           00169                 BTFSS STATUS,Z
0063   2865           00170                 GOTO SIG
0064   01A4           00171                 CLRF Time3
                      00172                 
                      00173                 ; carga de datos de displays
Warning[207]: Found label after column 1. (SIG)
0065                  00174         SIG:    
0065   08A5           00175                 MOVF Time4,F ; si las centenas son cero no se muestran en los displays
0066   1D03           00176                 BTFSS STATUS,Z
0067   2876           00177                 GOTO  MUESTRA_CENTENA
                      00178                 
Warning[207]: Found label after column 1. (NO_MUESTRA_CENTENA)
0068                  00179         NO_MUESTRA_CENTENA: ; carga los valores de los displays para luego imprimir
0068   0821           00180                 MOVF Time0,W
0069   209E           00181                 CALL TABLA
006A   00A7           00182                 MOVWF Disp0
                      00183                 
006B   0822           00184                 MOVF Time1,W
006C   209E           00185                 CALL TABLA
006D   00A8           00186                 MOVWF Disp1
                      00187                 
006E   0823           00188                 MOVF Time2,W
006F   209E           00189                 CALL TABLA
0070   00A9           00190                 MOVWF Disp2
0071   17A9           00191                 BSF Disp2 , 7 ; agrego el punto decimal luego de los segundos
MPASM  5.20                          PROG.ASM   5-9-2017  13:49:49         PAGE  5


LOC  OBJECT CODE     LINE SOURCE TEXT
  VALUE

                      00192                 
0072   0824           00193                 MOVF Time3,W
0073   209E           00194                 CALL TABLA
0074   00AA           00195                 MOVWF Disp3
0075   2884           00196                 GOTO IMPR
                      00197                 
Warning[207]: Found label after column 1. (MUESTRA_CENTENA)
0076                  00198         MUESTRA_CENTENA:
0076   0822           00199                 MOVF Time1,W
0077   209E           00200                 CALL TABLA
0078   00A7           00201                 MOVWF Disp0
                      00202                 
0079   0823           00203                 MOVF Time2,W
007A   209E           00204                 CALL TABLA
007B   00A8           00205                 MOVWF Disp1
007C   17A8           00206                 BSF Disp1 , 7 ; agrego el punto decimal luego de los segundos
                      00207                 
007D   0824           00208                 MOVF Time3,W
007E   209E           00209                 CALL TABLA
007F   00A9           00210                 MOVWF Disp2
                      00211                 
0080   0825           00212                 MOVF Time4,W
0081   209E           00213                 CALL TABLA
0082   00AA           00214                 MOVWF Disp3
0083   2884           00215                 GOTO IMPR
                      00216                 ;IMPRESION CON MULTIPLEXADO EN LOS DISPLAYS
Warning[207]: Found label after column 1. (IMPR)
0084                  00217         IMPR:   
0084   0188           00218                 CLRF PORTD ; 
0085   1003           00219                 BCF STATUS,C ; ASEGURO EL CARRY EN 0 PARA Q NO INTERFIERA EN LA ROTACION
0086   0D85           00220                 RLF MULT_PORT,F ;ROTACION DE BITS PARA MULTIPLEXAR
Warning[207]: Found label after column 1. (DIS3)
0087                  00221         DIS3:
0087   1D85           00222                 BTFSS MULT_PORT,3
0088   288C           00223                 GOTO DIS2
0089   082A           00224                 MOVF Disp3,W
008A   0088           00225                 MOVWF PORTD
008B   2899           00226                 GOTO RET ; PASO AL RETORNO DE INTERRUPCION
Warning[207]: Found label after column 1. (DIS2)
008C                  00227         DIS2:   
008C   1D05           00228                 BTFSS MULT_PORT,2
008D   2891           00229                 GOTO DIS1
008E   0829           00230                 MOVF Disp2,W
008F   0088           00231                 MOVWF PORTD
0090   2899           00232                 GOTO RET ; PASO AL RETORNO DE INTERRUPCION
Warning[207]: Found label after column 1. (DIS1)
0091                  00233         DIS1:
0091   1C85           00234                 BTFSS MULT_PORT,1
0092   2896           00235                 GOTO DIS0
0093   0828           00236                 MOVF Disp1,W
0094   0088           00237                 MOVWF PORTD
0095   2899           00238                 GOTO RET ; PASO AL RETORNO DE INTERRUPCION
Warning[207]: Found label after column 1. (DIS0)
MPASM  5.20                          PROG.ASM   5-9-2017  13:49:49         PAGE  6


LOC  OBJECT CODE     LINE SOURCE TEXT
  VALUE

0096                  00239         DIS0: ; SI LLEGO HASTA AQUI ES PORQUE TODOS ESTAN EN 0, OSEA , MULT_PORT = 0001 0000
0096   1405           00240                 BSF PORTA,0
0097   0827           00241                 MOVF Disp0,W
0098   0088           00242                 MOVWF PORTD
                      00243                 
                      00244                 
Warning[207]: Found label after column 1. (RET)
0099                  00245         RET:
                      00246                 ;RECUPERACOIN DE REGISTROS
0099   0E41           00247                 SWAPF S_TMP,W
009A   0083           00248                 MOVWF STATUS
009B   0EC0           00249                 SWAPF W_TMP,F
009C   0E40           00250                 SWAPF W_TMP,W
009D   0009           00251                 RETFIE
                      00252                 
009E                  00253 TABLA:
009E   0782           00254                 ADDWF PCL,F
009F   343F           00255                 RETLW 0x3F ;0
00A0   3406           00256                 RETLW 0x06 ;1
00A1   345B           00257                 RETLW 0x5B ;2
00A2   344F           00258                 RETLW 0x4F ;3
00A3   3466           00259                 RETLW 0x66 ;4
00A4   346D           00260                 RETLW 0x6D ;5
00A5   347D           00261                 RETLW 0x7D ;6
00A6   3407           00262                 RETLW 0x07 ;7
00A7   347F           00263                 RETLW 0x7F ;8
00A8   346F           00264                 RETLW 0x6F ;9
                      00265         
Warning[205]: Found directive in column 1. (END)
                      00266 END
MPASM  5.20                          PROG.ASM   5-9-2017  13:49:49         PAGE  7


SYMBOL TABLE
  LABEL                             VALUE 

A                                 0000002A
ACKDT                             00000005
ACKEN                             00000004
ACKSTAT                           00000006
ADCON0                            0000001F
ADCON1                            0000009F
ADCS0                             00000006
ADCS1                             00000007
ADCS2                             00000006
ADDEN                             00000003
ADFM                              00000007
ADIE                              00000006
ADIF                              00000006
ADON                              00000000
ADRESH                            0000001E
ADRESL                            0000009E
BCLIE                             00000003
BCLIF                             00000003
BF                                00000000
BRGH                              00000002
C                                 00000000
C1INV                             00000004
C1OUT                             00000006
C2INV                             00000005
C2OUT                             00000007
CCP1CON                           00000017
CCP1IE                            00000002
CCP1IF                            00000002
CCP1M0                            00000000
CCP1M1                            00000001
CCP1M2                            00000002
CCP1M3                            00000003
CCP1X                             00000005
CCP1Y                             00000004
CCP2CON                           0000001D
CCP2IE                            00000000
CCP2IF                            00000000
CCP2M0                            00000000
CCP2M1                            00000001
CCP2M2                            00000002
CCP2M3                            00000003
CCP2X                             00000005
CCP2Y                             00000004
CCPR1H                            00000016
CCPR1L                            00000015
CCPR2H                            0000001C
CCPR2L                            0000001B
CHS0                              00000003
CHS1                              00000004
CHS2                              00000005
CIS                               00000003
CKE                               00000006
CKP                               00000004
MPASM  5.20                          PROG.ASM   5-9-2017  13:49:49         PAGE  8


SYMBOL TABLE
  LABEL                             VALUE 

CM0                               00000000
CM1                               00000001
CM2                               00000002
CMCON                             0000009C
CMIE                              00000006
CMIF                              00000006
CREN                              00000004
CSRC                              00000007
CVR0                              00000000
CVR1                              00000001
CVR2                              00000002
CVR3                              00000003
CVRCON                            0000009D
CVREN                             00000007
CVROE                             00000006
CVRR                              00000005
D                                 00000005
D0                                00000000
D1                                00000001
D2                                00000002
D3                                00000003
DATA_ADDRESS                      00000005
DC                                00000001
DIS0                              00000096
DIS1                              00000091
DIS2                              0000008C
DIS3                              00000087
D_A                               00000005
Disp0                             00000027
Disp1                             00000028
Disp2                             00000029
Disp3                             0000002A
EEADR                             0000010D
EEADRH                            0000010F
EECON1                            0000018C
EECON2                            0000018D
EEDATA                            0000010C
EEDATH                            0000010E
EEIE                              00000004
EEIF                              00000004
EEPGD                             00000007
F                                 00000001
FERR                              00000002
FSR                               00000004
GCEN                              00000007
GIE                               00000007
GO                                00000002
GO_DONE                           00000002
I2C_DATA                          00000005
I2C_READ                          00000002
I2C_START                         00000003
I2C_STOP                          00000004
IBF                               00000007
MPASM  5.20                          PROG.ASM   5-9-2017  13:49:49         PAGE  9


SYMBOL TABLE
  LABEL                             VALUE 

IBOV                              00000005
IMPR                              00000084
INDF                              00000000
INICIO                            00000006
INTCON                            0000000B
INTE                              00000004
INTEDG                            00000006
INTERRUPT                         0000002C
INTF                              00000001
INT_EXT                           0000003A
INT_TMR                           00000040
IRP                               00000007
MAIN                              00000014
MUESTRA_CENTENA                   00000076
MULT_PORT                         00000005
NOT_A                             00000005
NOT_ADDRESS                       00000005
NOT_BO                            00000000
NOT_BOR                           00000000
NOT_DONE                          00000002
NOT_PD                            00000003
NOT_POR                           00000001
NOT_RBPU                          00000007
NOT_RC8                           00000006
NOT_T1SYNC                        00000002
NOT_TO                            00000004
NOT_TX8                           00000006
NOT_W                             00000002
NOT_WRITE                         00000002
NO_MUESTRA_CENTENA                00000068
OBF                               00000006
OERR                              00000001
OPTION_REG                        00000081
P                                 00000004
PCFG0                             00000000
PCFG1                             00000001
PCFG2                             00000002
PCFG3                             00000003
PCL                               00000002
PCLATH                            0000000A
PCON                              0000008E
PEIE                              00000006
PEN                               00000002
PIE1                              0000008C
PIE2                              0000008D
PIR1                              0000000C
PIR2                              0000000D
PORTA                             00000005
PORTB                             00000006
PORTC                             00000007
PORTD                             00000008
PORTE                             00000009
PR2                               00000092
MPASM  5.20                          PROG.ASM   5-9-2017  13:49:49         PAGE 10


SYMBOL TABLE
  LABEL                             VALUE 

PS0                               00000000
PS1                               00000001
PS2                               00000002
PSA                               00000003
PSPIE                             00000007
PSPIF                             00000007
PSPMODE                           00000004
R                                 00000002
RBIE                              00000003
RBIF                              00000000
RC8_9                             00000006
RC9                               00000006
RCD8                              00000000
RCEN                              00000003
RCIE                              00000005
RCIF                              00000005
RCREG                             0000001A
RCSTA                             00000018
RD                                00000000
READ_WRITE                        00000002
RET                               00000099
RP0                               00000005
RP1                               00000006
RSEN                              00000001
RX9                               00000006
RX9D                              00000000
R_W                               00000002
S                                 00000003
SEN                               00000000
SIG                               00000065
SMP                               00000007
SPBRG                             00000099
SPEN                              00000007
SREN                              00000005
SSPADD                            00000093
SSPBUF                            00000013
SSPCON                            00000014
SSPCON2                           00000091
SSPEN                             00000005
SSPIE                             00000003
SSPIF                             00000003
SSPM0                             00000000
SSPM1                             00000001
SSPM2                             00000002
SSPM3                             00000003
SSPOV                             00000006
SSPSTAT                           00000094
STATUS                            00000003
SYNC                              00000004
S_TMP                             00000041
T0CS                              00000005
T0IE                              00000005
T0IF                              00000002
MPASM  5.20                          PROG.ASM   5-9-2017  13:49:49         PAGE 11


SYMBOL TABLE
  LABEL                             VALUE 

T0SE                              00000004
T1CKPS0                           00000004
T1CKPS1                           00000005
T1CON                             00000010
T1INSYNC                          00000002
T1OSCEN                           00000003
T1SYNC                            00000002
T2CKPS0                           00000000
T2CKPS1                           00000001
T2CON                             00000012
TABLA                             0000009E
TMR0                              00000001
TMR0IE                            00000005
TMR0IF                            00000002
TMR1CS                            00000001
TMR1H                             0000000F
TMR1IE                            00000000
TMR1IF                            00000000
TMR1L                             0000000E
TMR1ON                            00000000
TMR2                              00000011
TMR2IE                            00000001
TMR2IF                            00000001
TMR2ON                            00000002
TOUTPS0                           00000003
TOUTPS1                           00000004
TOUTPS2                           00000005
TOUTPS3                           00000006
TRISA                             00000085
TRISB                             00000086
TRISC                             00000087
TRISD                             00000088
TRISE                             00000089
TRISE0                            00000000
TRISE1                            00000001
TRISE2                            00000002
TRMT                              00000001
TX8_9                             00000006
TX9                               00000006
TX9D                              00000000
TXD8                              00000000
TXEN                              00000005
TXIE                              00000004
TXIF                              00000004
TXREG                             00000019
TXSTA                             00000098
Time0                             00000021
Time1                             00000022
Time2                             00000023
Time3                             00000024
Time4                             00000025
TimeAux                           00000026
UA                                00000001
MPASM  5.20                          PROG.ASM   5-9-2017  13:49:49         PAGE 12


SYMBOL TABLE
  LABEL                             VALUE 

W                                 00000000
WCOL                              00000007
WR                                00000001
WREN                              00000002
WRERR                             00000003
W_TMP                             00000040
Z                                 00000002
_BODEN_OFF                        00003FBF
_BODEN_ON                         00003FFF
_CPD_OFF                          00003FFF
_CPD_ON                           00003EFF
_CP_ALL                           00001FFF
_CP_OFF                           00003FFF
_DEBUG_OFF                        00003FFF
_DEBUG_ON                         000037FF
_HS_OSC                           00003FFE
_LP_OSC                           00003FFC
_LVP_OFF                          00003F7F
_LVP_ON                           00003FFF
_PWRTE_OFF                        00003FFF
_PWRTE_ON                         00003FF7
_RC_OSC                           00003FFF
_WDT_OFF                          00003FFB
_WDT_ON                           00003FFF
_WRT_1FOURTH                      00003BFF
_WRT_256                          00003DFF
_WRT_HALF                         000039FF
_WRT_OFF                          00003FFF
_XT_OSC                           00003FFD
__16F877A                         00000001
__DEBUG                           1
count_d                           00000032
count_p                           00000033
data_rx                           00000031
data_tx                           00000030
rx_pin                            00000007
rx_port                           00000007
tx_pin                            00000006
tx_port                           00000007


MEMORY USAGE MAP ('X' = Used,  '-' = Unused)

0000 : X---X-XXXXXXXXXX XXXXXXXXXXXXXXXX XXXXXXXXXXXXXXXX XXXXXXXXXXXXXXXX
0040 : XXXXXXXXXXXXXXXX XXXXXXXXXXXXXXXX XXXXXXXXXXXXXXXX XXXXXXXXXXXXXXXX
0080 : XXXXXXXXXXXXXXXX XXXXXXXXXXXXXXXX XXXXXXXXX------- ----------------

All other memory blocks unused.

Program Memory Words Used:   165
Program Memory Words Free:  8027

MPASM  5.20                          PROG.ASM   5-9-2017  13:49:49         PAGE 13






Errors   :     0
Warnings :    18 reported,     0 suppressed
Messages :     7 reported,     0 suppressed

